{"data":{"__type":{"fields":[{"name":"health"},{"name":"communications"}]}}}
