{"data":{"communications":{"edges":[{"cursor":"Mg==","node":{"id":"33333333-3333-3333-3333-333333333333","title":"Survey Reminder"}},{"cursor":"Mw==","node":{"id":"44444444-4444-4444-4444-444444444444","title":"Final Notice"}}],"pageInfo":{"hasNextPage":false,"endCursor":"Mw=="}}}}
