{"data":{"communications":{"edges":[{"cursor":"MA==","node":{"id":"11111111-1111-1111-1111-111111111111","title":"Welcome Email"}}],"pageInfo":{"hasNextPage":true,"endCursor":"MA=="}}}}
