{"data":{"communications":{"edges":[{"cursor":"MA==","node":{"id":"11111111-1111-1111-1111-111111111111","title":"Welcome Email"}},{"cursor":"MQ==","node":{"id":"22222222-2222-2222-2222-222222222222","title":"Follow Up"}}],"pageInfo":{"hasNextPage":true,"endCursor":"MQ=="}}}}
